// Jest Snapshot v1, https://goo.gl/fbAQLP

exports[`renders correctly across screens 1`] = `
<View
  accessible={true}
  collapsable={false}
  focusable={false}
  onClick={[Function]}
  onResponderGrant={[Function]}
  onResponderMove={[Function]}
  onResponderRelease={[Function]}
  onResponderTerminate={[Function]}
  onResponderTerminationRequest={[Function]}
  onStartShouldSetResponder={[Function]}
  style={
    Object {
      "alignItems": "center",
      "backgroundColor": "dodgerblue",
      "borderRadius": 12,
      "justifyContent": "center",
      "opacity": 1,
    }
  }
>
  <Text
    style={
      Object {
        "color": "#fff",
        "padding": 10,
      }
    }
  >
    Register
  </Text>
</View>
`;
